// Jest Snapshot v1, https://goo.gl/fbAQLP

exports[`Example 1`] = `
"{
  \\"elements\\": [
    {
      \\"type\\": \\"element\\",
      \\"name\\": \\"region\\",
      \\"elements\\": [
        {
          \\"type\\": \\"element\\",
          \\"name\\": \\"opcode\\",
          \\"attributes\\": {
            \\"name\\": \\"sample\\",
            \\"value\\": \\"piano.wav\\"
          }
        },
        {
          \\"type\\": \\"element\\",
          \\"name\\": \\"opcode\\",
          \\"attributes\\": {
            \\"name\\": \\"pitch_keycenter\\",
            \\"value\\": \\"60\\"
          }
        },
        {
          \\"type\\": \\"element\\",
          \\"name\\": \\"opcode\\",
          \\"attributes\\": {
            \\"name\\": \\"lokey\\",
            \\"value\\": \\"58\\"
          }
        },
        {
          \\"type\\": \\"element\\",
          \\"name\\": \\"opcode\\",
          \\"attributes\\": {
            \\"name\\": \\"hikey\\",
            \\"value\\": \\"62\\"
          }
        },
        {
          \\"type\\": \\"element\\",
          \\"name\\": \\"opcode\\",
          \\"attributes\\": {
            \\"name\\": \\"lovel\\",
            \\"value\\": \\"1\\"
          }
        },
        {
          \\"type\\": \\"element\\",
          \\"name\\": \\"opcode\\",
          \\"attributes\\": {
            \\"name\\": \\"hivel\\",
            \\"value\\": \\"20\\"
          }
        },
        {
          \\"type\\": \\"element\\",
          \\"name\\": \\"opcode\\",
          \\"attributes\\": {
            \\"name\\": \\"locc64\\",
            \\"value\\": \\"64\\"
          }
        },
        {
          \\"type\\": \\"element\\",
          \\"name\\": \\"opcode\\",
          \\"attributes\\": {
            \\"name\\": \\"hicc64\\",
            \\"value\\": \\"127\\"
          }
        }
      ]
    }
  ]
}
"
`;
